2025-05-15 13:31:52 - root - DEBUG- The addition function was called
2025-05-15 13:31:52 - root - DEBUG- Adding 10 and 25
2025-05-15 13:31:52 - root - INFO- Result of addition: 35
2025-05-15 13:31:52 - root - DEBUG- The addition function was called
2025-05-15 13:31:52 - root - DEBUG- Adding 10 and 25
2025-05-15 13:31:52 - root - INFO- Result of addition: 35
2025-05-15 13:31:52 - root - DEBUG- The addition function was called
2025-05-15 13:31:52 - root - DEBUG- Adding 10 and 25
2025-05-15 13:31:52 - root - INFO- Result of addition: 35
2025-05-15 13:31:53 - root - DEBUG- The addition function was called
2025-05-15 13:31:53 - root - DEBUG- Adding 10 and 25
2025-05-15 13:31:53 - root - INFO- Result of addition: 35
2025-05-15 13:31:53 - root - DEBUG- The addition function was called
2025-05-15 13:31:53 - root - DEBUG- Adding 10 and 25
2025-05-15 13:31:53 - root - INFO- Result of addition: 35
2025-05-15 13:31:53 - root - DEBUG- The addition function was called
2025-05-15 13:31:53 - root - DEBUG- Adding 10 and 25
2025-05-15 13:31:53 - root - INFO- Result of addition: 35
2025-05-15 13:31:53 - root - DEBUG- The addition function was called
2025-05-15 13:31:53 - root - DEBUG- Adding 10 and 25
2025-05-15 13:31:53 - root - INFO- Result of addition: 35
2025-05-15 13:31:53 - root - DEBUG- The addition function was called
2025-05-15 13:31:53 - root - DEBUG- Adding 10 and 25
2025-05-15 13:31:53 - root - INFO- Result of addition: 35
2025-05-15 13:31:53 - root - DEBUG- The addition function was called
2025-05-15 13:31:53 - root - DEBUG- Adding 10 and 25
2025-05-15 13:31:53 - root - INFO- Result of addition: 35
2025-05-15 13:31:53 - root - DEBUG- The addition function was called
2025-05-15 13:31:53 - root - DEBUG- Adding 10 and 25
2025-05-15 13:31:53 - root - INFO- Result of addition: 35
2025-05-15 13:31:54 - root - DEBUG- The addition function was called
2025-05-15 13:31:54 - root - DEBUG- Adding 10 and 25
2025-05-15 13:31:54 - root - INFO- Result of addition: 35
2025-05-15 13:31:54 - root - DEBUG- The addition function was called
2025-05-15 13:31:54 - root - DEBUG- Adding 10 and 25
2025-05-15 13:31:54 - root - INFO- Result of addition: 35
2025-05-15 13:31:54 - root - DEBUG- The addition function was called
2025-05-15 13:31:54 - root - DEBUG- Adding 10 and 25
2025-05-15 13:31:54 - root - INFO- Result of addition: 35
2025-05-15 13:31:54 - root - DEBUG- The addition function was called
2025-05-15 13:31:54 - root - DEBUG- Adding 10 and 25
2025-05-15 13:31:54 - root - INFO- Result of addition: 35
2025-05-15 13:31:54 - root - DEBUG- The addition function was called
2025-05-15 13:31:54 - root - DEBUG- Adding 10 and 25
2025-05-15 13:31:54 - root - INFO- Result of addition: 35
2025-05-15 13:31:54 - root - DEBUG- The addition function was called
2025-05-15 13:31:54 - root - DEBUG- Adding 10 and 25
2025-05-15 13:31:54 - root - INFO- Result of addition: 35
2025-05-15 13:31:55 - root - DEBUG- The addition function was called
2025-05-15 13:31:55 - root - DEBUG- Adding 10 and 25
2025-05-15 13:31:55 - root - INFO- Result of addition: 35
2025-05-15 13:31:55 - root - DEBUG- The addition function was called
2025-05-15 13:31:55 - root - DEBUG- Adding 10 and 25
2025-05-15 13:31:55 - root - INFO- Result of addition: 35
2025-05-15 13:31:55 - root - DEBUG- The addition function was called
2025-05-15 13:31:55 - root - DEBUG- Adding 10 and 25
2025-05-15 13:31:55 - root - INFO- Result of addition: 35
2025-05-15 13:31:55 - root - DEBUG- The addition function was called
2025-05-15 13:31:55 - root - DEBUG- Adding 10 and 25
2025-05-15 13:31:55 - root - INFO- Result of addition: 35
2025-05-15 13:31:55 - root - DEBUG- The addition function was called
2025-05-15 13:31:55 - root - DEBUG- Adding 10 and 25
2025-05-15 13:31:55 - root - INFO- Result of addition: 35
2025-05-15 13:31:55 - root - DEBUG- The addition function was called
2025-05-15 13:31:55 - root - DEBUG- Adding 10 and 25
2025-05-15 13:31:55 - root - INFO- Result of addition: 35
2025-05-15 13:31:56 - root - DEBUG- The addition function was called
2025-05-15 13:31:56 - root - DEBUG- Adding 10 and 25
2025-05-15 13:31:56 - root - INFO- Result of addition: 35
2025-05-15 13:31:56 - root - DEBUG- The addition function was called
2025-05-15 13:31:56 - root - DEBUG- Adding 10 and 25
2025-05-15 13:31:56 - root - INFO- Result of addition: 35
2025-05-15 13:31:56 - root - DEBUG- The addition function was called
2025-05-15 13:31:56 - root - DEBUG- Adding 10 and 25
2025-05-15 13:31:56 - root - INFO- Result of addition: 35
2025-05-15 13:31:56 - root - DEBUG- The addition function was called
2025-05-15 13:31:56 - root - DEBUG- Adding 10 and 25
2025-05-15 13:31:56 - root - INFO- Result of addition: 35
2025-05-16 01:23:10 - root - DEBUG- The addition function was called
2025-05-16 01:23:10 - root - DEBUG- Adding 10 and 25
2025-05-16 01:23:10 - root - INFO- Result of addition: 35
2025-05-16 01:23:14 - root - DEBUG- The addition function was called
2025-05-16 01:23:14 - root - DEBUG- Adding 10 and 25
2025-05-16 01:23:14 - root - INFO- Result of addition: 35
2025-05-16 01:23:39 - root - DEBUG- The addition function was called
2025-05-16 01:23:39 - root - DEBUG- Adding 10 and 25
2025-05-16 01:23:39 - root - INFO- Result of addition: 35
2025-05-16 01:24:28 - test_logger - DEBUG- The addition function was called
2025-05-16 01:24:28 - test_logger - DEBUG- Adding 10 and 25
2025-05-16 01:24:28 - test_logger - INFO- Result of addition: 35
